// Jest Snapshot v1, https://goo.gl/fbAQLP

exports[`ScheduleListComponent should match snapshot 1`] = `
<div
  id="root1"
>
  <div
    class="w-full h-16 flex items-center justify-between bg-white border-b border-gray-300 shadow p-2"
  >
    <mat-form-field
      appearance="outline"
      class="mat-form-field h-[3.25rem] mat-primary mat-form-field-type-mat-select mat-form-field-appearance-outline mat-form-field-can-float _mat-animation-noopable"
    >
      <div
        class="mat-form-field-wrapper"
      >
        <div
          class="mat-form-field-flex"
        >
          <div
            class="mat-form-field-outline"
          >
            <div
              class="mat-form-field-outline-start"
            />
            <div
              class="mat-form-field-outline-gap"
            />
            <div
              class="mat-form-field-outline-end"
            />
          </div>
          <div
            class="mat-form-field-outline mat-form-field-outline-thick"
          >
            <div
              class="mat-form-field-outline-start"
            />
            <div
              class="mat-form-field-outline-gap"
            />
            <div
              class="mat-form-field-outline-end"
            />
          </div>
          
          
          
          <div
            class="mat-form-field-infix"
          >
            <mat-select
              aria-autocomplete="none"
              aria-disabled="false"
              aria-expanded="false"
              aria-haspopup="true"
              aria-invalid="false"
              aria-required="false"
              class="mat-select mat-select-empty"
              role="combobox"
              tabindex="0"
            >
              <div
                cdk-overlay-origin=""
                class="mat-select-trigger"
              >
                <div
                  class="mat-select-value"
                >
                  <span
                    class="mat-select-placeholder mat-select-min-line"
                  >
                    
                  </span>
                  
                  
                </div>
                <div
                  class="mat-select-arrow-wrapper"
                >
                  <div
                    class="mat-select-arrow"
                  />
                </div>
              </div>
              
            </mat-select>
            <span
              class="mat-form-field-label-wrapper"
            >
              
            </span>
          </div>
          
        </div>
        
        <div
          class="mat-form-field-subscript-wrapper"
        >
          
          <div
            class="mat-form-field-hint-wrapper ng-trigger ng-trigger-transitionMessages"
            style="opacity:1;transform:translateY(0%);0:opacity;1:transform;"
          >
            
            <div
              class="mat-form-field-hint-spacer"
            />
          </div>
          
        </div>
      </div>
    </mat-form-field>
    <div
      class="flex items-center space-x-2"
    >
      <button
        aria-haspopup="true"
        class="mat-menu-trigger clear underline"
        mat-button=""
      >
         Legend 
      </button>
      
      <button
        class="relative"
        mat-icon-button=""
      >
        <app-icon>
          event
        </app-icon>
        <input
          aria-haspopup="dialog"
          class="mat-datepicker-input opacity-0 absolute inset-0"
          data-mat-calendar="mat-datepicker-1"
          matinput=""
          max="2022-01-13"
          min="2021-09-13"
        />
        <mat-datepicker-toggle
          class="mat-datepicker-toggle opacity-0 absolute inset-0"
          data-mat-calendar="mat-datepicker-1"
          matsuffix=""
        >
          <button
            aria-haspopup="dialog"
            aria-label="Open calendar"
            class="mat-focus-indicator mat-icon-button mat-button-base _mat-animation-noopable"
            mat-icon-button=""
            tabindex="0"
            type="button"
          >
            <span
              class="mat-button-wrapper"
            >
              <svg
                class="mat-datepicker-toggle-default-icon"
                fill="currentColor"
                focusable="false"
                height="24px"
                viewBox="0 0 24 24"
                width="24px"
              >
                <path
                  d="M19 3h-1V1h-2v2H8V1H6v2H5c-1.11 0-1.99.9-1.99 2L3 19c0 1.1.89 2 2 2h14c1.1 0 2-.9 2-2V5c0-1.1-.9-2-2-2zm0 16H5V8h14v11zM7 10h5v5H7z"
                />
              </svg>
              
            </span>
            <span
              class="mat-ripple mat-button-ripple mat-button-ripple-round"
              matripple=""
            />
            <span
              class="mat-button-focus-overlay"
            />
          </button>
        </mat-datepicker-toggle>
      </button>
      <mat-datepicker />
      
    </div>
  </div>
  <div
    class="w-full flex-1 overflow-hidden bg-gray-100"
  >
    <cdk-virtual-scroll-viewport
      class="cdk-virtual-scroll-viewport h-full w-full cdk-virtual-scroll-orientation-vertical"
      itemsize="88"
    >
      <div
        class="cdk-virtual-scroll-content-wrapper"
        style="transform: translateY(0px);"
      >
        
      </div>
      <div
        class="cdk-virtual-scroll-spacer"
      />
    </cdk-virtual-scroll-viewport>
  </div>
  
  <mat-menu
    xposition="before"
  >
    
  </mat-menu>
</div>
`;
