// Jest Snapshot v1, https://goo.gl/fbAQLP

exports[`LandingAvailabilityComponent should match snapshot 1`] = `
<div
  id="root1"
>
  <div
    class="py-2"
  >
    <div
      class="sm:text-lg font-medium mb-2 sm:mb-4 px-4"
    >
      Available Now
    </div>
    <div
      class="text-sm sm:text-base px-4"
    >
      Spaces
    </div>
    <div
      class="w-full overflow-auto flex items-center space-x-4 px-4 py-2"
    >
      
      <span
        class="text-dark-fade text-sm mb-2"
      >
         No free spaces 
      </span>
      
    </div>
    <div
      class="text-sm sm:text-base my-2 px-4"
    >
      Rooms
    </div>
    <div
      class="w-full overflow-auto flex items-center space-x-4 px-4 py-2"
    >
      
      <span
        class="text-dark-fade text-sm mb-2"
      >
         No free rooms 
      </span>
      
    </div>
  </div>
</div>
`;
