// Jest Snapshot v1, https://goo.gl/fbAQLP

exports[`MapLocateModalComponent should match snapshot 1`] = `
<div
  id="root1"
>
  <header
    class="h-12 px-2"
  >
    <app-icon>
      place
    </app-icon>
    <h1
      class="ml-2"
    >
      Item 1
    </h1>
  </header>
  <div
    body=""
    class="relative overflow-hidden pointer-events-none"
  >
    <i-map>
      <mat-spinner
        diameter="64"
      />
    </i-map>
    <div
      class="absolute top-2 right-2 py-2 px-4 bg-white rounded-3xl shadow"
    >
        
    </div>
  </div>
  
  <footer
    class="w-full border-t border-gray-200 flex items-center justify-center p-2"
  >
    <button
      class="inverse w-32"
      mat-button=""
      mat-dialog-close=""
    >
       Close 
    </button>
  </footer>
</div>
`;
