// Jest Snapshot v1, https://goo.gl/fbAQLP

exports[`UnauthorisedComponent should match snapshot 1`] = `
<div
  id="root1"
>
  <div
    class="unauthorised rounded m-4 text-center bg-white text-black border border-gray-400 p-4 shadow"
  >
    <h1
      class="text-4xl"
    >
      403
    </h1>
    <h3
      class="text-2xl"
    >
      Access forbidden.
    </h3>
    <p
      class="py-4"
    >
       You do not have permission to view this page and your access attempt has been recorded. 
    </p>
    <p>
       Contact your Administrator if you feel that you should have access. 
    </p>
  </div>
</div>
`;
