// Jest Snapshot v1, https://goo.gl/fbAQLP

exports[`PointsOverviewComponent should match snapshot 1`] = `
<div
  id="root1"
>
  <h2
    class="p-2 bg-secondary text-white w-full font-medium text-lg"
  >
     Point Overview 
  </h2>
  <section
    class="bg-white w-full"
  >
    <h2
      class="p-2 underline font-medium text-lg"
    >
      Point Value
    </h2>
    <div
      class="flex items-center space-x-2 p-2 mb-4"
    >
      <span>
        1 point =
      </span>
      <a-counter
        class="bg-white rounded border border-gray-200 ng-untouched ng-pristine ng-valid"
      />
      <app-icon
        mattooltip="Set point redemption caps on menu items"
      >
         info 
      </app-icon>
    </div>
  </section>
  <section
    class="bg-white w-full flex-1"
  >
    <h2
      class="p-2 underline font-medium text-lg"
    >
      Automatic Rewards
    </h2>
    <div
      class="p-4"
    >
      <div
        class="flex items-center space-x-2 p-2 border-b border-gray-200"
      >
        <a-counter
          class="bg-white rounded border border-gray-200 ng-untouched ng-pristine ng-valid"
        />
        <span>
          Points for desk check-in
        </span>
      </div>
      <div
        class="flex items-center space-x-2 p-2 border-b border-gray-200"
      >
        <a-counter
          class="bg-white rounded border border-gray-200 ng-untouched ng-pristine ng-valid"
        />
        <span>
          Points for room check-in
        </span>
      </div>
      <div
        class="flex items-center space-x-2 p-2 border-b border-gray-200"
      >
        <a-counter
          class="bg-white rounded border border-gray-200 ng-untouched ng-pristine ng-valid"
        />
        <span>
          Points for booking cancellation with 24 hour notice
        </span>
      </div>
      <div
        class="flex items-center space-x-2 p-2"
      >
        <a-counter
          class="bg-white rounded border border-gray-200 ng-untouched ng-pristine ng-valid"
        />
        <span>
          Points for completing wellness card
        </span>
      </div>
    </div>
  </section>
</div>
`;
