// Jest Snapshot v1, https://goo.gl/fbAQLP

exports[`ExploreComponent should match snapshot 1`] = `
<div
  id="root1"
>
  <div
    class="absolute top-0 left-0 bg-secondary rounded-br-xl p-4 z-10 shadow"
  >
    <img
      class="w-32"
      src=""
    />
  </div>
  <div
    class="absolute inset-20"
  >
    <i-map />
  </div>
  <explore-zoom-controls
    class="absolute top-1/2 transform -translate-y-1/2 right-0"
  />
  <explore-level-select
    class="absolute left-1 top-1/2 transform -translate-y-1/2 z-10"
  />
  
  <div
    class="p-2 bg-white border border-gray-300 absolute right-1 m-2 rounded flex flex-col items-center space-y-2 top-2"
    name="zones"
  >
    <div
      class="flex items-center"
    >
       Zones 
      <mat-slide-toggle
        class="ml-2"
      />
    </div>
    <div
      class="space-y-2"
      zone-legend=""
    >
      <div
        class="font-medium"
      >
         Zone Usage 
        <div
          class="flex items-center space-x-2"
        >
          <div
            class="h-3 w-3 rounded-full bg-success"
          />
          <div
            class="w-20 text-center"
          >
            0 ~ 50%
          </div>
        </div>
        <div
          class="flex items-center space-x-2"
        >
          <div
            class="h-3 w-3 rounded-full bg-pending"
          />
          <div
            class="w-20 text-center"
          >
            51 ~ 75%
          </div>
        </div>
        <div
          class="flex items-center space-x-2"
        >
          <div
            class="h-3 w-3 rounded-full bg-error"
          />
          <div
            class="w-20 text-center"
          >
            76 ~ 100%
          </div>
        </div>
      </div>
    </div>
    
  </div>
  <div
    class="absolute bottom-2 right-2 p-2 rounded bg-white shadow border border-gray-100"
  >
    <div
      class="font-medium"
    >
      Legend
    </div>
    <div
      class="flex items-center space-x-2 p-2"
    >
      <div
        class="h-3 w-3 rounded-full bg-success"
      />
      <div
        class="text-center"
      >
        Space Available
      </div>
    </div>
    <div
      class="flex items-center space-x-2 rounded bg-gray-50 p-2"
    >
      <div
        class="h-3 w-3 rounded-full bg-error"
      />
      <div
        class="text-center"
      >
        Space In Use
      </div>
    </div>
    <div
      class="flex items-center space-x-2 p-2"
    >
      <div
        class="h-3 w-3 rounded-full bg-gray-400"
      />
      <div
        class="text-center"
      >
        Space Not-bookable
      </div>
    </div>
  </div>
</div>
`;
