// Jest Snapshot v1, https://goo.gl/fbAQLP

exports[`DeskBookingsComponent should match snapshot 1`] = `
<div
  id="root0"
>
  <div
    class="overflow-auto h-full w-full"
  >
    <custom-table
      class="min-w-[76rem]"
    />
    
    
    
    
    
  </div>
  <button
    aria-haspopup="true"
    class="mat-menu-trigger absolute bottom-2 right-2 bg-white shadow"
    mat-icon-button=""
  >
    <app-icon>
      more_vert
    </app-icon>
  </button>
  
  <mat-menu>
    
  </mat-menu>
</div>
`;
