// Jest Snapshot v1, https://goo.gl/fbAQLP

exports[`DeskMapViewComponent should match snapshot 1`] = `
<div
  id="root1"
>
  <div
    class="h-full w-full relative"
    map=""
  >
    <i-map />
    <explore-zoom-controls
      class="absolute bottom-0 right-0"
    />
    <div
      class="absolute top-0 left-0 p-2 text-black"
    >
      <a-user-search-field
        class="ng-untouched ng-pristine ng-valid"
        placeholder="User for bookings..."
      />
    </div>
    <div
      class="absolute bottom-0 rounded p-2 m-2 bg-white shadow text-center"
      info=""
    >
       Click/Tap an available desk to book it. 
    </div>
  </div>
</div>
`;
