// Jest Snapshot v1, https://goo.gl/fbAQLP

exports[`VisitorsTopbarComponent should match snapshot 1`] = `
<div
  id="root1"
>
  <mat-form-field
    appearance="outline"
    class="mat-form-field mat-primary mat-form-field-type-mat-select mat-form-field-appearance-outline mat-form-field-can-float ng-untouched ng-pristine ng-valid _mat-animation-noopable"
  >
    <div
      class="mat-form-field-wrapper"
    >
      <div
        class="mat-form-field-flex"
      >
        <div
          class="mat-form-field-outline"
        >
          <div
            class="mat-form-field-outline-start"
          />
          <div
            class="mat-form-field-outline-gap"
          />
          <div
            class="mat-form-field-outline-end"
          />
        </div>
        <div
          class="mat-form-field-outline mat-form-field-outline-thick"
        >
          <div
            class="mat-form-field-outline-start"
          />
          <div
            class="mat-form-field-outline-gap"
          />
          <div
            class="mat-form-field-outline-end"
          />
        </div>
        
        
        
        <div
          class="mat-form-field-infix"
        >
          <mat-select
            aria-autocomplete="none"
            aria-disabled="false"
            aria-expanded="false"
            aria-haspopup="true"
            aria-invalid="false"
            aria-required="false"
            class="mat-select mat-select-empty mat-select-multiple ng-untouched ng-pristine ng-valid"
            multiple=""
            placeholder="All Levels"
            role="combobox"
            tabindex="0"
          >
            <div
              cdk-overlay-origin=""
              class="mat-select-trigger"
            >
              <div
                class="mat-select-value"
              >
                <span
                  class="mat-select-placeholder mat-select-min-line"
                >
                  All Levels
                </span>
                
                
              </div>
              <div
                class="mat-select-arrow-wrapper"
              >
                <div
                  class="mat-select-arrow"
                />
              </div>
            </div>
            
          </mat-select>
          <span
            class="mat-form-field-label-wrapper"
          >
            
          </span>
        </div>
        
      </div>
      
      <div
        class="mat-form-field-subscript-wrapper"
      >
        
        <div
          class="mat-form-field-hint-wrapper ng-trigger ng-trigger-transitionMessages"
          style="opacity:1;transform:translateY(0%);0:opacity;1:transform;"
        >
          
          <div
            class="mat-form-field-hint-spacer"
          />
        </div>
        
      </div>
    </div>
  </mat-form-field>
  <mat-slide-toggle
    class="mat-slide-toggle m-2 mat-accent _mat-animation-noopable ng-untouched ng-pristine ng-valid"
    tabindex="-1"
  >
    <label
      class="mat-slide-toggle-label"
      for="mat-slide-toggle-3-input"
    >
      <div
        class="mat-slide-toggle-bar"
      >
        <input
          aria-checked="false"
          class="mat-slide-toggle-input cdk-visually-hidden"
          id="mat-slide-toggle-3-input"
          role="switch"
          tabindex="0"
          type="checkbox"
        />
        <div
          class="mat-slide-toggle-thumb-container"
        >
          <div
            class="mat-slide-toggle-thumb"
          />
          <div
            class="mat-ripple mat-slide-toggle-ripple mat-focus-indicator"
            mat-ripple=""
          >
            <div
              class="mat-ripple-element mat-slide-toggle-persistent-ripple"
            />
          </div>
        </div>
      </div>
      <span
        class="mat-slide-toggle-content"
      >
        <span
          style="display: none;"
        >
           
        </span>
        <div
          class="text-xs"
        >
          All Bookings
        </div>
      </span>
    </label>
  </mat-slide-toggle>
  <mat-slide-toggle
    class="mat-slide-toggle m-2 mat-accent _mat-animation-noopable ng-untouched ng-pristine ng-valid"
    tabindex="-1"
  >
    <label
      class="mat-slide-toggle-label"
      for="mat-slide-toggle-4-input"
    >
      <div
        class="mat-slide-toggle-bar"
      >
        <input
          aria-checked="false"
          class="mat-slide-toggle-input cdk-visually-hidden"
          id="mat-slide-toggle-4-input"
          role="switch"
          tabindex="0"
          type="checkbox"
        />
        <div
          class="mat-slide-toggle-thumb-container"
        >
          <div
            class="mat-slide-toggle-thumb"
          />
          <div
            class="mat-ripple mat-slide-toggle-ripple mat-focus-indicator"
            mat-ripple=""
          >
            <div
              class="mat-ripple-element mat-slide-toggle-persistent-ripple"
            />
          </div>
        </div>
      </div>
      <span
        class="mat-slide-toggle-content"
      >
        <span
          style="display: none;"
        >
           
        </span>
        <div
          class="text-xs"
        >
          Show Week
        </div>
      </span>
    </label>
  </mat-slide-toggle>
  <div
    class="flex-1 w-2"
  />
  <searchbar
    class="mr-2"
  />
  <date-options />
</div>
`;
