// Jest Snapshot v1, https://goo.gl/fbAQLP

exports[`VisitorEventComponent should match snapshot 1`] = `
<div
  id="root1"
>
  
  <div
    attendees=""
    class="w-full overflow-hidden relative border-b border-gray-300"
    style="height: 0rem;"
  >
    <div
      bar=""
      class="absolute top-0 bg-gray-400 z-10"
      style="height: calc(-1.75rem + 1px);"
    />
    
  </div>
</div>
`;

exports[`VisitorEventComponent should match snapshot 2`] = `
<div
  id="root1"
>
  <div
    class="flex items-center px-2 bg-gray-100"
  >
    <div
      class="w-12 text-lg flex justify-center"
    >
      <i
        class="p-2 rounded-full material-icons bg-gray-400"
      >
        event
      </i>
      
      
      
    </div>
    <div
      class="w-24 p-2"
    >
       11:10 AM 
    </div>
    <div
      class="w-48 p-2"
    >
        
    </div>
    <div
      class="p-2 flex-1"
      flex=""
    >
      
    </div>
    <div
      class="w-64 p-2 truncate"
    >
      
    </div>
    <div
      class="w-32 py-2 flex items-center"
    >
      <action-icon
        class="mat-tooltip-trigger"
        content="event_available"
        mattooltip="Checkin All Guests"
      />
      
      <action-icon
        class="mat-tooltip-trigger"
        content="event_busy"
        mattooltip="Checkout All Guests"
      />
      
      <a
        class="mat-tooltip-trigger"
        href="mailto:null"
        mat-icon-button=""
        mattooltip="Email Host"
      >
        <app-icon>
          email
        </app-icon>
      </a>
      
    </div>
    <div
      class="w-16 p-2"
    >
      <button
        class="mat-tooltip-trigger"
        disabled=""
        mat-icon-button=""
      >
        <app-icon>
          keyboard_arrow_right
        </app-icon>
      </button>
      
    </div>
  </div>
  
  <div
    attendees=""
    class="w-full overflow-hidden relative border-b border-gray-300"
    style="height: 0rem;"
  >
    <div
      bar=""
      class="absolute top-0 bg-gray-400 z-10"
      style="height: calc(-1.75rem + 1px);"
    />
    
  </div>
</div>
`;
