// Jest Snapshot v1, https://goo.gl/fbAQLP

exports[`CateringConfigModalComponent should match snapshot 1`] = `
<div
  id="root1"
>
  <header>
    <h3>
      Edit Catering Configuration
    </h3>
    <button
      mat-dialog-close=""
      mat-icon-button=""
    >
      <app-icon>
        close
      </app-icon>
    </button>
    
  </header>
  <main
    class="overflow-auto text-center"
  >
    <button
      mat-button=""
    >
       New Ruleset 
    </button>
    
  </main>
  <footer
    class="flex p-2 items-center justify-center border-none border-t border-solid border-gray-300"
  >
    <button
      mat-button=""
    >
      Save Changes
    </button>
  </footer>
</div>
`;
