// Jest Snapshot v1, https://goo.gl/fbAQLP

exports[`CateringOrderComponent should show order details 1`] = `
<div
  id="root1"
>
  <div
    class="w-full flex items-center py-2 bg-gray-100"
  >
    <div
      class="w-20 flex items-center justify-center"
    >
      <div
        class="rounded-full bg-gray-300 p-2 text-2xl text-dark-fade flex items-center justify-center"
      >
        <app-icon>
          room_service
        </app-icon>
      </div>
    </div>
    <div
      class="w-24"
    >
      10:00 AM
    </div>
    <div
      class="flex-1"
    >
       ~ No Location ~ 
    </div>
    <div
      class="w-56"
    >
       ~ Unknown Host ~ 
    </div>
    <div
      class="w-24"
    >
      ~ No Code ~
    </div>
    <div
      class="w-28"
    >
       ~ No Invoice ~ 
    </div>
    <div
      class="w-36"
    >
      <button
        aria-haspopup="menu"
        class="mat-menu-trigger text-base border-none h-10 px-4 flex items-center text-white w-36"
        matripple=""
        name="status"
        style="background: rgb(57, 150, 182);"
      >
        <div
          class="flex text-center capitalize mx-2"
        >
           Accepted 
        </div>
        <app-icon
          class="pl-2"
        >
          arrow_drop_down
        </app-icon>
      </button>
      
    </div>
    <div
      class="w-12"
    >
      <button
        mat-icon-button=""
      >
        <app-icon>
          keyboard_arrow_right
        </app-icon>
      </button>
    </div>
  </div>
  
  
  <mat-menu>
    
  </mat-menu>
</div>
`;
