// Jest Snapshot v1, https://goo.gl/fbAQLP

exports[`ScheduleFilterCardComponent should match snapshot 1`] = `
<div
  id="root1"
>
  <div
    class="flex items-center border-b border-gray-300 space-x-2 mb-4"
  >
    <button
      mat-icon-button=""
    >
      <app-icon>
        chevron_left
      </app-icon>
    </button>
    <h2
      class="flex-1 w-1/2 text-center font-medium"
    >
      Booking Types
    </h2>
    <app-icon />
  </div>
  <div
    class="space-y-4 border-b border-gray-300 mb-4 pb-4"
  >
    <button
      class="flex items-center space-x-2 w-full text-left"
      matripple=""
    >
      <div
        class="h-10 w-10 rounded-full flex items-center justify-center text-2xl"
      >
        <app-icon>
          meeting_room
        </app-icon>
      </div>
      <div
        class="flex-1"
      >
        <div>
          Room
        </div>
        <div
          class="text-sm opacity-60"
        >
           Room and meeting invites 
        </div>
      </div>
      <mat-checkbox
        class="mat-checkbox mat-accent _mat-animation-noopable"
      >
        <label
          class="mat-checkbox-layout"
          for="mat-checkbox-4-input"
        >
          <span
            class="mat-checkbox-inner-container mat-checkbox-inner-container-no-side-margin"
          >
            <input
              aria-checked="false"
              class="mat-checkbox-input cdk-visually-hidden"
              id="mat-checkbox-4-input"
              tabindex="0"
              type="checkbox"
            />
            <span
              class="mat-ripple mat-checkbox-ripple mat-focus-indicator"
              matripple=""
            >
              <span
                class="mat-ripple-element mat-checkbox-persistent-ripple"
              />
            </span>
            <span
              class="mat-checkbox-frame"
            />
            <span
              class="mat-checkbox-background"
            >
              <svg
                class="mat-checkbox-checkmark"
                focusable="false"
                version="1.1"
                viewBox="0 0 24 24"
                xml:space="preserve"
              >
                <path
                  class="mat-checkbox-checkmark-path"
                  d="M4.1,12.7 9,17.6 20.3,6.3"
                  fill="none"
                  stroke="white"
                />
              </svg>
              <span
                class="mat-checkbox-mixedmark"
              />
            </span>
          </span>
          <span
            class="mat-checkbox-label"
          >
            <span
              style="display: none;"
            >
               
            </span>
          </span>
        </label>
      </mat-checkbox>
    </button>
    <button
      class="flex items-center space-x-2 w-full text-left"
      matripple=""
    >
      <div
        class="h-10 w-10 rounded-full flex items-center justify-center text-2xl"
      >
        <img
          class="w-6"
          src="assets/icons/desk-outline.svg"
        />
      </div>
      <div
        class="flex-1"
      >
        <div>
          Desk
        </div>
        <div
          class="text-sm opacity-60"
        >
          Desk bookings
        </div>
      </div>
      <mat-checkbox
        class="mat-checkbox mat-accent _mat-animation-noopable"
      >
        <label
          class="mat-checkbox-layout"
          for="mat-checkbox-5-input"
        >
          <span
            class="mat-checkbox-inner-container mat-checkbox-inner-container-no-side-margin"
          >
            <input
              aria-checked="false"
              class="mat-checkbox-input cdk-visually-hidden"
              id="mat-checkbox-5-input"
              tabindex="0"
              type="checkbox"
            />
            <span
              class="mat-ripple mat-checkbox-ripple mat-focus-indicator"
              matripple=""
            >
              <span
                class="mat-ripple-element mat-checkbox-persistent-ripple"
              />
            </span>
            <span
              class="mat-checkbox-frame"
            />
            <span
              class="mat-checkbox-background"
            >
              <svg
                class="mat-checkbox-checkmark"
                focusable="false"
                version="1.1"
                viewBox="0 0 24 24"
                xml:space="preserve"
              >
                <path
                  class="mat-checkbox-checkmark-path"
                  d="M4.1,12.7 9,17.6 20.3,6.3"
                  fill="none"
                  stroke="white"
                />
              </svg>
              <span
                class="mat-checkbox-mixedmark"
              />
            </span>
          </span>
          <span
            class="mat-checkbox-label"
          >
            <span
              style="display: none;"
            >
               
            </span>
          </span>
        </label>
      </mat-checkbox>
    </button>
    <button
      class="flex items-center space-x-2 w-full text-left"
      matripple=""
    >
      <div
        class="h-10 w-10 rounded-full flex items-center justify-center text-2xl"
      >
        <app-icon>
          drive_eta
        </app-icon>
      </div>
      <div
        class="flex-1"
      >
        <div>
          Parking
        </div>
        <div
          class="text-sm opacity-60"
        >
          Car space bookings
        </div>
      </div>
      <mat-checkbox
        class="mat-checkbox mat-accent _mat-animation-noopable"
      >
        <label
          class="mat-checkbox-layout"
          for="mat-checkbox-6-input"
        >
          <span
            class="mat-checkbox-inner-container mat-checkbox-inner-container-no-side-margin"
          >
            <input
              aria-checked="false"
              class="mat-checkbox-input cdk-visually-hidden"
              id="mat-checkbox-6-input"
              tabindex="0"
              type="checkbox"
            />
            <span
              class="mat-ripple mat-checkbox-ripple mat-focus-indicator"
              matripple=""
            >
              <span
                class="mat-ripple-element mat-checkbox-persistent-ripple"
              />
            </span>
            <span
              class="mat-checkbox-frame"
            />
            <span
              class="mat-checkbox-background"
            >
              <svg
                class="mat-checkbox-checkmark"
                focusable="false"
                version="1.1"
                viewBox="0 0 24 24"
                xml:space="preserve"
              >
                <path
                  class="mat-checkbox-checkmark-path"
                  d="M4.1,12.7 9,17.6 20.3,6.3"
                  fill="none"
                  stroke="white"
                />
              </svg>
              <span
                class="mat-checkbox-mixedmark"
              />
            </span>
          </span>
          <span
            class="mat-checkbox-label"
          >
            <span
              style="display: none;"
            >
               
            </span>
          </span>
        </label>
      </mat-checkbox>
    </button>
  </div>
  <button
    class="w-full"
    mat-button=""
  >
     Apply Filters 
  </button>
</div>
`;
