// Jest Snapshot v1, https://goo.gl/fbAQLP

exports[`ScheduleMobileCalendarComponent should match snapshot 1`] = `
<div
  id="root1"
>
  <div
    class="p-2"
  >
    <button
      class="flex items-center w-full p-2"
      matripple=""
    >
      <div
        class="px-2 font-medium"
      >
         November 
      </div>
      <app-icon>
        arrow_drop_down
      </app-icon>
    </button>
    <div
      class="flex items-center justify-center text-sm mb-2"
    >
      <div
        class="opacity-60 text-center w-10 mx-2"
      >
         Sun 
      </div>
      <div
        class="opacity-60 text-center w-10 mx-2"
      >
         Mon 
      </div>
      <div
        class="opacity-60 text-center w-10 mx-2"
      >
         Tue 
      </div>
      <div
        class="opacity-60 text-center w-10 mx-2"
      >
         Wed 
      </div>
      <div
        class="opacity-60 text-center w-10 mx-2"
      >
         Thu 
      </div>
      <div
        class="opacity-60 text-center w-10 mx-2"
      >
         Fri 
      </div>
      <div
        class="opacity-60 text-center w-10 mx-2"
      >
         Sat 
      </div>
      
    </div>
    <div
      class="flex items-center justify-between flex-wrap"
    >
      <button
        class="min-w-10 h-10 mx-2 text-opacity-30 text-black font-normal"
        mat-icon-button=""
      >
         31 
      </button>
      <button
        class="min-w-10 h-10 mx-2 text-primary bg-gray-200"
        mat-icon-button=""
      >
         1 
      </button>
      <button
        class="min-w-10 h-10 mx-2 text-black font-normal"
        mat-icon-button=""
      >
         2 
      </button>
      <button
        class="min-w-10 h-10 mx-2 text-black font-normal"
        mat-icon-button=""
      >
         3 
      </button>
      <button
        class="min-w-10 h-10 mx-2 text-black font-normal"
        mat-icon-button=""
      >
         4 
      </button>
      <button
        class="min-w-10 h-10 mx-2 text-black font-normal"
        mat-icon-button=""
      >
         5 
      </button>
      <button
        class="min-w-10 h-10 mx-2 text-black font-normal"
        mat-icon-button=""
      >
         6 
      </button>
      
    </div>
  </div>
</div>
`;
