// Jest Snapshot v1, https://goo.gl/fbAQLP

exports[`ScheduleComponent should match snapshot 1`] = `
<div
  id="root1"
>
  <topbar />
  <div
    class="flex flex-col sm:flex-row flex-1 h-1/2 bg-[#E5E5E5] relative"
  >
    <schedule-sidebar
      class="hidden sm:block"
    />
    <div
      class="w-full bg-white border-b border-gray-300 sm:hidden"
    >
      <schedule-mobile-calendar />
    </div>
    <div
      class="flex-1 h-full p-4 overflow-auto space-y-2"
    >
      <schedule-filters />
      <h3
        class="font-medium my-2"
      >
         Thu 01 Jan 1970 
        
      </h3>
      <div
        class="w-full p-8 flex flex-col items-center justify-center space-y-4"
      >
        <img
          class="mr-4"
          src="assets/img/no-events.svg"
        />
        <p
          class="opacity-30"
        >
           No events and bookings for Thursday, 01 Jan 1970 
        </p>
      </div>
      
    </div>
    
  </div>
  <footer-menu />
  
</div>
`;
