// Jest Snapshot v1, https://goo.gl/fbAQLP

exports[`NavMenuComponent should allow for navigating 1`] = `
<div
  id="root2"
>
  <div
    class="absolute hidden sm:w-56"
  />
  <div
    class="hidden sm:flex flex-col h-full bg-white overflow-auto text-black shadow divide-y divide-gray-100 relative p-2"
  >
    <a
      class="h-12 rounded mb-2 hover:bg-gray-200 w-56"
      href="/foo"
      mat-icon-button=""
      routerlinkactive="active"
    >
      <div
        class="flex flex-col sm:flex-row items-center justify-start w-16 px-2 sm:w-56"
      >
        <app-icon />
        <div
          class="text-sm font-normal h-0 sm:h-auto overflow-hidden opacity-0 text-left sm:w-48 sm:opacity-100 sm:ml-2"
          text=""
        >
            
        </div>
      </div>
    </a>
    <a
      class="h-12 rounded mb-2 hover:bg-gray-200 w-56"
      href="/bar"
      mat-icon-button=""
      routerlinkactive="active"
    >
      <div
        class="flex flex-col sm:flex-row items-center justify-start w-16 px-2 sm:w-56"
      >
        <app-icon />
        <div
          class="text-sm font-normal h-0 sm:h-auto overflow-hidden opacity-0 text-left sm:w-48 sm:opacity-100 sm:ml-2"
          text=""
        >
            
        </div>
      </div>
    </a>
    
  </div>
  
  <mat-menu>
    
  </mat-menu>
  <button
    class="hidden sm:block absolute bottom-2 right-0 transform translate-x-1/2 bg-white shadow w-8 h-8 text-xs"
    mat-icon-button=""
  >
    <app-icon>
       chevron_left 
    </app-icon>
  </button>
  <div
    class="flex items-center sm:hidden bg-white border-t border-gray-300"
  >
    <a
      class="flex items-center justify-center h-12 w-16 flex-1"
      href="/foo"
      routerlinkactive="active"
    >
      <app-icon
        class="text-2xl"
      />
    </a>
    <a
      class="flex items-center justify-center h-12 w-16 flex-1"
      href="/bar"
      routerlinkactive="active"
    >
      <app-icon
        class="text-2xl"
      />
    </a>
    
    <button
      aria-haspopup="true"
      class="mat-menu-trigger rounded h-12 w-16"
      mat-icon-button=""
    >
      <app-icon>
        more_vert
      </app-icon>
    </button>
    
    <mat-menu>
      
    </mat-menu>
  </div>
</div>
`;
