// Jest Snapshot v1, https://goo.gl/fbAQLP

exports[`CheckinPreferencesComponent should match snapshot 1`] = `
<div
  id="root1"
>
  <div
    class="bg-white rounded shadow overflow-hidden relative flex flex-col items-center my-4 p-4 mx-auto"
  >
    <h3
      class="text-xl mb-2 w-full"
    >
      Would you like a drink?
    </h3>
    <div
      class="w-full"
    >
      <mat-form-field
        appearance="outline"
        class="mat-form-field w-full mat-primary mat-form-field-type-mat-select mat-form-field-appearance-outline mat-form-field-can-float ng-untouched ng-pristine ng-valid _mat-animation-noopable"
      >
        <div
          class="mat-form-field-wrapper"
        >
          <div
            class="mat-form-field-flex"
          >
            <div
              class="mat-form-field-outline"
            >
              <div
                class="mat-form-field-outline-start"
              />
              <div
                class="mat-form-field-outline-gap"
              />
              <div
                class="mat-form-field-outline-end"
              />
            </div>
            <div
              class="mat-form-field-outline mat-form-field-outline-thick"
            >
              <div
                class="mat-form-field-outline-start"
              />
              <div
                class="mat-form-field-outline-gap"
              />
              <div
                class="mat-form-field-outline-end"
              />
            </div>
            
            
            
            <div
              class="mat-form-field-infix"
            >
              <mat-select
                aria-autocomplete="none"
                aria-disabled="false"
                aria-expanded="false"
                aria-haspopup="true"
                aria-invalid="false"
                aria-required="false"
                class="mat-select mat-select-empty ng-untouched ng-pristine ng-valid"
                placeholder="Select beverage"
                role="combobox"
                tabindex="0"
              >
                <div
                  cdk-overlay-origin=""
                  class="mat-select-trigger"
                >
                  <div
                    class="mat-select-value"
                  >
                    <span
                      class="mat-select-placeholder mat-select-min-line"
                    >
                      Select beverage
                    </span>
                    
                    
                  </div>
                  <div
                    class="mat-select-arrow-wrapper"
                  >
                    <div
                      class="mat-select-arrow"
                    />
                  </div>
                </div>
                
              </mat-select>
              <span
                class="mat-form-field-label-wrapper"
              >
                
              </span>
            </div>
            
          </div>
          
          <div
            class="mat-form-field-subscript-wrapper"
          >
            
            <div
              class="mat-form-field-hint-wrapper ng-trigger ng-trigger-transitionMessages"
              style="opacity:1;transform:translateY(0%);0:opacity;1:transform;"
            >
              
              <div
                class="mat-form-field-hint-spacer"
              />
            </div>
            
          </div>
        </div>
      </mat-form-field>
    </div>
    <button
      class="w-32"
      mat-button=""
    >
       Continue 
    </button>
    <a
      class="absolute top-0 right-0"
      mat-icon-button=""
    >
      <app-icon>
        close
      </app-icon>
    </a>
  </div>
</div>
`;
