// Jest Snapshot v1, https://goo.gl/fbAQLP

exports[`CheckinComponent should match snapshot 1`] = `
<div
  id="root1"
>
  <a-topbar-header
    class="w-full"
  />
  <div
    class="flex-1 w-full bg-center bg-cover relative"
    style="background-image: url(undefined);"
  >
    <router-outlet />
    
  </div>
</div>
`;
