// Jest Snapshot v1, https://goo.gl/fbAQLP

exports[`PanelDetailsComponent should match snapshot 1`] = `
<div
  id="root1"
>
  <h1
    class="text-4xl font-medium mb-8"
  >
     &lt;Unknown Space&gt; 
  </h1>
  
  <div
    class="flex flex-col items-center space-y-2"
  >
    <button
      class="w-48"
      event=""
      mat-button=""
    >
      <div
        class="flex items-center justify-center"
      >
        <app-icon
          class="text-xl"
        >
          add_circle_outline
        </app-icon>
        <span
          class="mx-2"
        >
          New Event
        </span>
      </div>
    </button>
    
    
    
  </div>
  
  
</div>
`;
