// Jest Snapshot v1, https://goo.gl/fbAQLP

exports[`BookingPanelComponent should match snapshot 1`] = `
<div
  id="root1"
>
  <div
    class="flex flex-col absolute inset-0 bg-gray-50"
  >
    <panel-topbar />
    
    <div
      class="flex flex-1 items-center h-1/2 space-x-2 p-8"
      content=""
    >
      <panel-details
        class="flex-1 h-full max-w-[50%] p-4"
      />
      <panel-booking-list
        class="flex-1 h-full max-w-[50%] p-4"
      />
    </div>
    <panel-status />
  </div>
</div>
`;
