// Jest Snapshot v1, https://goo.gl/fbAQLP

exports[`DeskQuestionsModalComponent should match snapshot 1`] = `
<div
  id="root1"
>
  <div
    class="relative"
  >
    <h2
      class="p-4 text-xl"
    >
      COVID-19 Questionnaire
    </h2>
    <main
      class="p-4 ng-untouched ng-pristine ng-invalid"
    >
      <div
        class="flex flex-col mb-4"
      >
        <label>
           Have you travelled overseas within the last 14 days?
          <span>
            *
          </span>
        </label>
        <mat-radio-group
          class="mat-radio-group space-x-2 ng-untouched ng-pristine ng-invalid"
          formcontrolname="travelled"
          role="radiogroup"
        >
          <mat-radio-button
            class="mat-radio-button _mat-animation-noopable mat-accent"
          >
            <label
              class="mat-radio-label"
              for="mat-radio-11-input"
            >
              <span
                class="mat-radio-container"
              >
                <span
                  class="mat-radio-outer-circle"
                />
                <span
                  class="mat-radio-inner-circle"
                />
                <input
                  class="mat-radio-input cdk-visually-hidden"
                  id="mat-radio-11-input"
                  name="mat-radio-group-9"
                  tabindex="0"
                  type="radio"
                  value="true"
                />
                <span
                  class="mat-ripple mat-radio-ripple mat-focus-indicator"
                  mat-ripple=""
                >
                  <span
                    class="mat-ripple-element mat-radio-persistent-ripple"
                  />
                </span>
              </span>
              <span
                class="mat-radio-label-content"
              >
                <span
                  style="display: none;"
                >
                   
                </span>
                Yes
              </span>
            </label>
          </mat-radio-button>
          <mat-radio-button
            class="mat-radio-button _mat-animation-noopable mat-accent"
          >
            <label
              class="mat-radio-label"
              for="mat-radio-12-input"
            >
              <span
                class="mat-radio-container"
              >
                <span
                  class="mat-radio-outer-circle"
                />
                <span
                  class="mat-radio-inner-circle"
                />
                <input
                  class="mat-radio-input cdk-visually-hidden"
                  id="mat-radio-12-input"
                  name="mat-radio-group-9"
                  tabindex="0"
                  type="radio"
                  value="false"
                />
                <span
                  class="mat-ripple mat-radio-ripple mat-focus-indicator"
                  mat-ripple=""
                >
                  <span
                    class="mat-ripple-element mat-radio-persistent-ripple"
                  />
                </span>
              </span>
              <span
                class="mat-radio-label-content"
              >
                <span
                  style="display: none;"
                >
                   
                </span>
                No
              </span>
            </label>
          </mat-radio-button>
        </mat-radio-group>
      </div>
      <div
        class="flex flex-col mb-4"
      >
        <label>
           Are you unwell or experiencing any cold or flu-like symptoms?
          <span>
            *
          </span>
        </label>
        <mat-radio-group
          class="mat-radio-group space-x-2 ng-untouched ng-pristine ng-invalid"
          formcontrolname="unwell"
          role="radiogroup"
        >
          <mat-radio-button
            class="mat-radio-button _mat-animation-noopable mat-accent"
          >
            <label
              class="mat-radio-label"
              for="mat-radio-14-input"
            >
              <span
                class="mat-radio-container"
              >
                <span
                  class="mat-radio-outer-circle"
                />
                <span
                  class="mat-radio-inner-circle"
                />
                <input
                  class="mat-radio-input cdk-visually-hidden"
                  id="mat-radio-14-input"
                  name="mat-radio-group-12"
                  tabindex="0"
                  type="radio"
                  value="true"
                />
                <span
                  class="mat-ripple mat-radio-ripple mat-focus-indicator"
                  mat-ripple=""
                >
                  <span
                    class="mat-ripple-element mat-radio-persistent-ripple"
                  />
                </span>
              </span>
              <span
                class="mat-radio-label-content"
              >
                <span
                  style="display: none;"
                >
                   
                </span>
                Yes
              </span>
            </label>
          </mat-radio-button>
          <mat-radio-button
            class="mat-radio-button _mat-animation-noopable mat-accent"
          >
            <label
              class="mat-radio-label"
              for="mat-radio-15-input"
            >
              <span
                class="mat-radio-container"
              >
                <span
                  class="mat-radio-outer-circle"
                />
                <span
                  class="mat-radio-inner-circle"
                />
                <input
                  class="mat-radio-input cdk-visually-hidden"
                  id="mat-radio-15-input"
                  name="mat-radio-group-12"
                  tabindex="0"
                  type="radio"
                  value="false"
                />
                <span
                  class="mat-ripple mat-radio-ripple mat-focus-indicator"
                  mat-ripple=""
                >
                  <span
                    class="mat-ripple-element mat-radio-persistent-ripple"
                  />
                </span>
              </span>
              <span
                class="mat-radio-label-content"
              >
                <span
                  style="display: none;"
                >
                   
                </span>
                No
              </span>
            </label>
          </mat-radio-button>
        </mat-radio-group>
      </div>
      <div
        class="flex flex-col"
      >
        <label>
           Have you had contact with anyone with suspected COVID-19?
          <span>
            *
          </span>
        </label>
        <mat-radio-group
          class="mat-radio-group space-x-2 ng-untouched ng-pristine ng-invalid"
          formcontrolname="contact"
          role="radiogroup"
        >
          <mat-radio-button
            class="mat-radio-button _mat-animation-noopable mat-accent"
          >
            <label
              class="mat-radio-label"
              for="mat-radio-17-input"
            >
              <span
                class="mat-radio-container"
              >
                <span
                  class="mat-radio-outer-circle"
                />
                <span
                  class="mat-radio-inner-circle"
                />
                <input
                  class="mat-radio-input cdk-visually-hidden"
                  id="mat-radio-17-input"
                  name="mat-radio-group-15"
                  tabindex="0"
                  type="radio"
                  value="true"
                />
                <span
                  class="mat-ripple mat-radio-ripple mat-focus-indicator"
                  mat-ripple=""
                >
                  <span
                    class="mat-ripple-element mat-radio-persistent-ripple"
                  />
                </span>
              </span>
              <span
                class="mat-radio-label-content"
              >
                <span
                  style="display: none;"
                >
                   
                </span>
                Yes
              </span>
            </label>
          </mat-radio-button>
          <mat-radio-button
            class="mat-radio-button _mat-animation-noopable mat-accent"
          >
            <label
              class="mat-radio-label"
              for="mat-radio-18-input"
            >
              <span
                class="mat-radio-container"
              >
                <span
                  class="mat-radio-outer-circle"
                />
                <span
                  class="mat-radio-inner-circle"
                />
                <input
                  class="mat-radio-input cdk-visually-hidden"
                  id="mat-radio-18-input"
                  name="mat-radio-group-15"
                  tabindex="0"
                  type="radio"
                  value="false"
                />
                <span
                  class="mat-ripple mat-radio-ripple mat-focus-indicator"
                  mat-ripple=""
                >
                  <span
                    class="mat-ripple-element mat-radio-persistent-ripple"
                  />
                </span>
              </span>
              <span
                class="mat-radio-label-content"
              >
                <span
                  style="display: none;"
                >
                   
                </span>
                No
              </span>
            </label>
          </mat-radio-button>
        </mat-radio-group>
      </div>
    </main>
    <footer
      class="flex justify-center items-center p-2"
    >
      <button
        mat-button=""
      >
        Submit
      </button>
    </footer>
    <button
      close=""
      mat-dialog-close=""
      mat-icon-button=""
    >
      <i
        class="material-icons"
      >
        close
      </i>
    </button>
  </div>
  
  
</div>
`;

exports[`DeskQuestionsModalComponent should show failure state 1`] = `
<div
  id="root3"
>
  <main
    class="pt-8 relative"
    failure=""
  >
    <p
      class="p-4"
    >
       Your request to work from the office has been rejected based on your response to the compulsory Covid-19 questions. Please feel free to submit a new request when circumstances change in a way that changes your answer to the questions. 
    </p>
    <button
      close=""
      mat-dialog-close=""
      mat-icon-button=""
    >
      <i
        class="material-icons"
      >
        close
      </i>
    </button>
  </main>
  
  
</div>
`;
