// Jest Snapshot v1, https://goo.gl/fbAQLP

exports[`ExploreMapViewComponent should match snapshot 1`] = `
<div
  id="root1"
>
  <i-map />
  <explore-zoom-controls
    class="absolute bottom-0 right-0"
  />
  <explore-map-controls
    class="absolute top-0 left-0"
  />
  <div
    class="p-2 bg-white border border-gray-400 absolute left-0 m-2 rounded flex items-center"
    zones=""
  >
     Zones 
    <mat-slide-toggle
      class="mat-slide-toggle ml-2 mat-accent _mat-animation-noopable ng-untouched ng-pristine ng-valid"
      tabindex="-1"
    >
      <label
        class="mat-slide-toggle-label"
        for="mat-slide-toggle-2-input"
      >
        <div
          class="mat-slide-toggle-bar mat-slide-toggle-bar-no-side-margin"
        >
          <input
            aria-checked="false"
            class="mat-slide-toggle-input cdk-visually-hidden"
            id="mat-slide-toggle-2-input"
            role="switch"
            tabindex="0"
            type="checkbox"
          />
          <div
            class="mat-slide-toggle-thumb-container"
          >
            <div
              class="mat-slide-toggle-thumb"
            />
            <div
              class="mat-ripple mat-slide-toggle-ripple mat-focus-indicator"
              mat-ripple=""
            >
              <div
                class="mat-ripple-element mat-slide-toggle-persistent-ripple"
              />
            </div>
          </div>
        </div>
        <span
          class="mat-slide-toggle-content"
        >
          <span
            style="display: none;"
          >
             
          </span>
        </span>
      </label>
    </mat-slide-toggle>
  </div>
</div>
`;
