// Jest Snapshot v1, https://goo.gl/fbAQLP

exports[`ExploreZoomControlComponent should match snapshot 1`] = `
<div
  id="root1"
>
  <button
    class="bg-white"
    mat-icon-button=""
    z-in=""
  >
    <app-icon>
      add
    </app-icon>
  </button>
  <button
    class="bg-white"
    mat-icon-button=""
    z-out=""
  >
    <app-icon>
      remove
    </app-icon>
  </button>
  <button
    class="bg-white"
    mat-icon-button=""
    reset=""
  >
    <app-icon>
      autorenew
    </app-icon>
  </button>
</div>
`;
