// Jest Snapshot v1, https://goo.gl/fbAQLP

exports[`ExploreComponent should match snapshot 1`] = `
<div
  id="root1"
>
  <topbar />
  <div
    class="flex-1 flex sm:flex-row flex-col-reverse h-1/2"
  >
    <main
      class="relative z-0 flex flex-col flex-1 h-1/2 sm:h-auto overflow-hidden"
    >
      <explore-map-view />
    </main>
  </div>
  <footer-menu />
</div>
`;
